SQL> -- user1
SQL> drop user user1 cascade;

User dropped.

SQL> create user user1 identified by user1;

User created.

SQL> grant connect,resource to user1;

Grant succeeded.

SQL> alter user user1 quota unlimited on users;

User altered.

SQL> 
SQL> -- creacion de la tabla pruebas
SQL> host sh user1.1.sh

SQL> 
SQL> -- user2
SQL> drop user user2 cascade;

User dropped.

SQL> create user user2 identified by user2;

User created.

SQL> grant connect,resource to user2;

Grant succeeded.

SQL> grant select on user1.pruebas to user2;

Grant succeeded.

SQL> grant update on user1.pruebas to user2;

Grant succeeded.

SQL> 
SQL> -- actualiza datos user2
SQL> host sh user2.1.sh

SQL> 
SQL> -- Realiza lectura de datos user1
SQL> connect user1/user1
Connected.
SQL> select * from pruebas;

    NUMERO                                                                      
----------                                                                      
NOMBRE                                                                          
--------------------------------------------------------------------------------
         1                                                                      
Ap                                                                              
                                                                                
         2                                                                      
Ql                                                                              
                                                                                
         3                                                                      
SERIALIZABLE-EL-ULTIMO                                                          
                                                                                

SQL> 
SQL> 
SQL> -- Guardo los cambios de user2
SQL> host sh user2.2.sh

SQL> 
SQL> 
SQL> -- Vuelve user1 a ver los datos y NO ve los cambios (HAY BLOQUEO)
SQL> host sleep 5

SQL> show user;
USER is "USER1"
SQL> select * from pruebas;

    NUMERO                                                                      
----------                                                                      
NOMBRE                                                                          
--------------------------------------------------------------------------------
         1                                                                      
Ap                                                                              
                                                                                
         2                                                                      
Ql                                                                              
                                                                                
         3                                                                      
SERIALIZABLE-EL-ULTIMO                                                          
                                                                                

SQL> 
SQL> spool off
