SQL> -- creacion de la tabla pruebas
SQL> create table pruebas(numero integer, nombre varchar(255));

Table created.

SQL> 
SQL> -- Primeros datos
SQL> begin
  2  for i in 1 .. 3
  3  loop
  4  insert into PRUEBAS values(i, dbms_random.string('A',2));
  5  end loop;
  6  end;
  7  /

PL/SQL procedure successfully completed.

SQL> commit;

Commit complete.

SQL> 
SQL> set transaction isolation level
  2  serializable;

Transaction set.

SQL> select * from pruebas;

    NUMERO                                                                      
----------                                                                      
NOMBRE                                                                          
--------------------------------------------------------------------------------
         1                                                                      
Ap                                                                              
                                                                                
         2                                                                      
Ql                                                                              
                                                                                
         3                                                                      
Qq                                                                              
                                                                                

SQL> spool off
